[31m┌─────────┐[1B[11D│J       │[1B[11D│         │[1B[11D│    ♥    │[1B[11D│         │[1B[11D│       J│[1B[11D└─────────┘
